<testsuites name="jest tests" tests="26" failures="0" time="3.877">
  <testsuite name="undefined" errors="0" failures="0" skipped="0" timestamp="2018-12-09T11:09:37" time="1.305" tests="1">
    <testcase classname=" Should throw an error when place less than 1" name=" Should throw an error when place less than 1" time="0.004">
    </testcase>
  </testsuite>
  <testsuite name="undefined" errors="0" failures="0" skipped="0" timestamp="2018-12-09T11:09:37" time="1.414" tests="15">
    <testcase classname=" Should throw an error when invalidValue" name=" Should throw an error when invalidValue" time="0.004">
    </testcase>
    <testcase classname=" Should return degree LatLng" name=" Should return degree LatLng" time="0.001">
    </testcase>
    <testcase classname=" Should convert to degree LatLng" name=" Should convert to degree LatLng" time="0.001">
    </testcase>
    <testcase classname=" Should convert to WGS84 LatLng" name=" Should convert to WGS84 LatLng" time="0">
    </testcase>
    <testcase classname=" Should convert to Tokyo LatLng" name=" Should convert to Tokyo LatLng" time="0">
    </testcase>
    <testcase classname=" Should convert to WGS84 Bounds" name=" Should convert to WGS84 Bounds" time="0.001">
    </testcase>
    <testcase classname=" Should convert to Tokyo Bounds" name=" Should convert to Tokyo Bounds" time="0">
    </testcase>
    <testcase classname=" Should convert LatLng to millisec" name=" Should convert LatLng to millisec" time="0">
    </testcase>
    <testcase classname=" Should convert bounds to millisec" name=" Should convert bounds to millisec" time="0.001">
    </testcase>
    <testcase classname=" Should convert bounds to WGS84 if needed" name=" Should convert bounds to WGS84 if needed" time="0">
    </testcase>
    <testcase classname=" Should convert bounds to Tokyo if needed" name=" Should convert bounds to Tokyo if needed" time="0.001">
    </testcase>
    <testcase classname=" Should convert LatLng to Tokyo if needed" name=" Should convert LatLng to Tokyo if needed" time="0">
    </testcase>
    <testcase classname=" Should convert LatLng to WGS84 if needed" name=" Should convert LatLng to WGS84 if needed" time="0.001">
    </testcase>
    <testcase classname=" Should convert LatLng to millisec if needed" name=" Should convert LatLng to millisec if needed" time="0">
    </testcase>
    <testcase classname=" Should convert bounds to millisec if needed" name=" Should convert bounds to millisec if needed" time="0.001">
    </testcase>
  </testsuite>
  <testsuite name="undefined" errors="0" failures="0" skipped="0" timestamp="2018-12-09T11:09:37" time="2.414" tests="2">
    <testcase classname=" Should set props to MeshToggle" name=" Should set props to MeshToggle" time="0.018">
    </testcase>
    <testcase classname=" Should call onToggleChanged when changed checked" name=" Should call onToggleChanged when changed checked" time="0.001">
    </testcase>
  </testsuite>
  <testsuite name="undefined" errors="0" failures="0" skipped="0" timestamp="2018-12-09T11:09:37" time="2.417" tests="1">
    <testcase classname=" Should set props to MeshDetail" name=" Should set props to MeshDetail" time="0.019">
    </testcase>
  </testsuite>
  <testsuite name="undefined" errors="0" failures="0" skipped="0" timestamp="2018-12-09T11:09:37" time="2.418" tests="2">
    <testcase classname=" Should set props to MarkerInput" name=" Should set props to MarkerInput" time="0.02">
    </testcase>
    <testcase classname=" Should set props to MarkerInput(datum is Tokyo)" name=" Should set props to MarkerInput(datum is Tokyo)" time="0.004">
    </testcase>
  </testsuite>
  <testsuite name="undefined" errors="0" failures="0" skipped="0" timestamp="2018-12-09T11:09:37" time="2.427" tests="2">
    <testcase classname=" Should set props to MeshCodeInput" name=" Should set props to MeshCodeInput" time="0.025">
    </testcase>
    <testcase classname=" Should render negative message when errorMessage is not blank" name=" Should render negative message when errorMessage is not blank" time="0.005">
    </testcase>
  </testsuite>
  <testsuite name="undefined" errors="0" failures="0" skipped="0" timestamp="2018-12-09T11:09:37" time="2.437" tests="3">
    <testcase classname=" Should set props to GeodeticInput" name=" Should set props to GeodeticInput" time="0.027">
    </testcase>
    <testcase classname=" Should set props to GeodeticInput(datum is Tokyo)" name=" Should set props to GeodeticInput(datum is Tokyo)" time="0.006">
    </testcase>
    <testcase classname=" Should set props to GeodeticInput(unit is millisec)" name=" Should set props to GeodeticInput(unit is millisec)" time="0.006">
    </testcase>
  </testsuite>
</testsuites>